main.c:106:6:Control_Motor	16	static
main.c:142:9:Get_Velocity	4	static
main.c:159:6:Transmit_Uart	40	static
main.c:193:8:Receive_Uart	4	static
main.c:206:5:main	8	static
main.c:269:6:SystemClock_Config	88	static
main.c:312:13:MX_TIM1_Init	96	static
main.c:391:13:MX_TIM2_Init	56	static
main.c:440:13:MX_TIM4_Init	56	static
main.c:489:13:MX_TIM5_Init	32	static
main.c:534:13:MX_TIM9_Init	24	static
main.c:572:13:MX_USART2_UART_Init	8	static
main.c:603:13:MX_DMA_Init	16	static
main.c:621:13:MX_GPIO_Init	56	static
main.c:666:6:HAL_TIM_PeriodElapsedCallback	24	static
main.c:701:6:Error_Handler	4	static
