main.c:96:6:Control_Motor	16	static
main.c:116:9:Get_Velocity	16	static
main.c:126:6:Transmit_Uart	32	static
main.c:162:5:main	8	static
main.c:224:6:SystemClock_Config	88	static
main.c:267:13:MX_TIM1_Init	96	static
main.c:346:13:MX_TIM2_Init	56	static
main.c:395:13:MX_TIM4_Init	56	static
main.c:444:13:MX_TIM5_Init	32	static
main.c:489:13:MX_TIM9_Init	24	static
main.c:527:13:MX_USART2_UART_Init	8	static
main.c:558:13:MX_DMA_Init	16	static
main.c:576:13:MX_GPIO_Init	56	static
main.c:631:6:HAL_TIM_PeriodElapsedCallback	24	static
main.c:666:6:Error_Handler	4	static
