Archive member included to satisfy reference by file (symbol)

c:/st/stm32cubeide_1.1.0/stm32cubeide/plugins/com.st.stm32cube.ide.mcu.externaltools.gnu-tools-for-stm32.7-2018-q2-update.win32_1.0.0.201904181610/tools/bin/../lib/gcc/arm-none-eabi/7.3.1/../../../../arm-none-eabi/lib/thumb/v7e-m/fpv4-sp/hard\libc_nano.a(lib_a-errno.o)
                              Core/Src/syscalls.o (__errno)
c:/st/stm32cubeide_1.1.0/stm32cubeide/plugins/com.st.stm32cube.ide.mcu.externaltools.gnu-tools-for-stm32.7-2018-q2-update.win32_1.0.0.201904181610/tools/bin/../lib/gcc/arm-none-eabi/7.3.1/../../../../arm-none-eabi/lib/thumb/v7e-m/fpv4-sp/hard\libc_nano.a(lib_a-exit.o)
                              c:/st/stm32cubeide_1.1.0/stm32cubeide/plugins/com.st.stm32cube.ide.mcu.externaltools.gnu-tools-for-stm32.7-2018-q2-update.win32_1.0.0.201904181610/tools/bin/../lib/gcc/arm-none-eabi/7.3.1/../../../../arm-none-eabi/lib/thumb/v7e-m/fpv4-sp/hard/crt0.o (exit)
c:/st/stm32cubeide_1.1.0/stm32cubeide/plugins/com.st.stm32cube.ide.mcu.externaltools.gnu-tools-for-stm32.7-2018-q2-update.win32_1.0.0.201904181610/tools/bin/../lib/gcc/arm-none-eabi/7.3.1/../../../../arm-none-eabi/lib/thumb/v7e-m/fpv4-sp/hard\libc_nano.a(lib_a-impure.o)
                              c:/st/stm32cubeide_1.1.0/stm32cubeide/plugins/com.st.stm32cube.ide.mcu.externaltools.gnu-tools-for-stm32.7-2018-q2-update.win32_1.0.0.201904181610/tools/bin/../lib/gcc/arm-none-eabi/7.3.1/../../../../arm-none-eabi/lib/thumb/v7e-m/fpv4-sp/hard\libc_nano.a(lib_a-exit.o) (_global_impure_ptr)
c:/st/stm32cubeide_1.1.0/stm32cubeide/plugins/com.st.stm32cube.ide.mcu.externaltools.gnu-tools-for-stm32.7-2018-q2-update.win32_1.0.0.201904181610/tools/bin/../lib/gcc/arm-none-eabi/7.3.1/../../../../arm-none-eabi/lib/thumb/v7e-m/fpv4-sp/hard\libc_nano.a(lib_a-init.o)
                              c:/st/stm32cubeide_1.1.0/stm32cubeide/plugins/com.st.stm32cube.ide.mcu.externaltools.gnu-tools-for-stm32.7-2018-q2-update.win32_1.0.0.201904181610/tools/bin/../lib/gcc/arm-none-eabi/7.3.1/../../../../arm-none-eabi/lib/thumb/v7e-m/fpv4-sp/hard/crt0.o (__libc_init_array)
c:/st/stm32cubeide_1.1.0/stm32cubeide/plugins/com.st.stm32cube.ide.mcu.externaltools.gnu-tools-for-stm32.7-2018-q2-update.win32_1.0.0.201904181610/tools/bin/../lib/gcc/arm-none-eabi/7.3.1/../../../../arm-none-eabi/lib/thumb/v7e-m/fpv4-sp/hard\libc_nano.a(lib_a-memset.o)
                              c:/st/stm32cubeide_1.1.0/stm32cubeide/plugins/com.st.stm32cube.ide.mcu.externaltools.gnu-tools-for-stm32.7-2018-q2-update.win32_1.0.0.201904181610/tools/bin/../lib/gcc/arm-none-eabi/7.3.1/../../../../arm-none-eabi/lib/thumb/v7e-m/fpv4-sp/hard/crt0.o (memset)
c:/st/stm32cubeide_1.1.0/stm32cubeide/plugins/com.st.stm32cube.ide.mcu.externaltools.gnu-tools-for-stm32.7-2018-q2-update.win32_1.0.0.201904181610/tools/bin/../lib/gcc/arm-none-eabi/7.3.1/thumb/v7e-m/fpv4-sp/hard\libgcc.a(_aeabi_uldivmod.o)
                              Drivers/STM32F4xx_HAL_Driver/Src/stm32f4xx_hal_rcc.o (__aeabi_uldivmod)
c:/st/stm32cubeide_1.1.0/stm32cubeide/plugins/com.st.stm32cube.ide.mcu.externaltools.gnu-tools-for-stm32.7-2018-q2-update.win32_1.0.0.201904181610/tools/bin/../lib/gcc/arm-none-eabi/7.3.1/thumb/v7e-m/fpv4-sp/hard\libgcc.a(_udivmoddi4.o)
                              c:/st/stm32cubeide_1.1.0/stm32cubeide/plugins/com.st.stm32cube.ide.mcu.externaltools.gnu-tools-for-stm32.7-2018-q2-update.win32_1.0.0.201904181610/tools/bin/../lib/gcc/arm-none-eabi/7.3.1/thumb/v7e-m/fpv4-sp/hard\libgcc.a(_aeabi_uldivmod.o) (__udivmoddi4)
c:/st/stm32cubeide_1.1.0/stm32cubeide/plugins/com.st.stm32cube.ide.mcu.externaltools.gnu-tools-for-stm32.7-2018-q2-update.win32_1.0.0.201904181610/tools/bin/../lib/gcc/arm-none-eabi/7.3.1/thumb/v7e-m/fpv4-sp/hard\libgcc.a(_dvmd_tls.o)
                              c:/st/stm32cubeide_1.1.0/stm32cubeide/plugins/com.st.stm32cube.ide.mcu.externaltools.gnu-tools-for-stm32.7-2018-q2-update.win32_1.0.0.201904181610/tools/bin/../lib/gcc/arm-none-eabi/7.3.1/thumb/v7e-m/fpv4-sp/hard\libgcc.a(_aeabi_uldivmod.o) (__aeabi_ldiv0)

Allocating common symbols
Common symbol       size              file

hdma_usart2_rx      0x60              Core/Src/main.o
PID_Ki              0x8               Core/Src/pid_controller.o
htim4               0x40              Core/Src/main.o
PID_T               0x4               Core/Src/pid_controller.o
PID_pre_err         0x8               Core/Src/pid_controller.o
PID_Test            0x28              Core/Src/pid_controller.o
encoder             0x4               Core/Src/main.o
uwTick              0x4               Drivers/STM32F4xx_HAL_Driver/Src/stm32f4xx_hal.o
PID_Kd              0x8               Core/Src/pid_controller.o
pFlash              0x20              Drivers/STM32F4xx_HAL_Driver/Src/stm32f4xx_hal_flash.o
receivebuffer       0x6               Core/Src/main.o
enc                 0x10              Core/Src/main.o
htim5               0x40              Core/Src/main.o
[...]
Memory Configuration

Name             Origin             Length             Attributes
RAM              0x0000000020000000 0x0000000000020000 xrw
FLASH            0x0000000008000000 0x0000000000080000 xr
*default*        0x0000000000000000 0xffffffffffffffff

Linker script and memory map

LOAD c:/st/stm32cubeide_1.1.0/stm32cubeide/plugins/com.st.stm32cube.ide.mcu.externaltools.gnu-tools-for-stm32.7-2018-q2-update.win32_1.0.0.201904181610/tools/bin/../lib/gcc/arm-none-eabi/7.3.1/thumb/v7e-m/fpv4-sp/hard/crti.o
LOAD c:/st/stm32cubeide_1.1.0/stm32cubeide/plugins/com.st.stm32cube.ide.mcu.externaltools.gnu-tools-for-stm32.7-2018-q2-update.win32_1.0.0.201904181610/tools/bin/../lib/gcc/arm-none-eabi/7.3.1/thumb/v7e-m/fpv4-sp/hard/crtbegin.o
LOAD c:/st/stm32cubeide_1.1.0/stm32cubeide/plugins/com.st.stm32cube.ide.mcu.externaltools.gnu-tools-for-stm32.7-2018-q2-update.win32_1.0.0.201904181610/tools/bin/../lib/gcc/arm-none-eabi/7.3.1/../../../../arm-none-eabi/lib/thumb/v7e-m/fpv4-sp/hard/crt0.o
LOAD Core/Src/main.o
LOAD Core/Src/pid_controller.o
LOAD Core/Src/stm32f4xx_hal_msp.o
LOAD Core/Src/stm32f4xx_it.o
LOAD Core/Src/syscalls.o
LOAD Core/Src/sysmem.o
LOAD Core/Src/system_stm32f4xx.o
LOAD Core/Startup/startup_stm32f411vetx.o
LOAD Drivers/STM32F4xx_HAL_Driver/Src/stm32f4xx_hal.o
LOAD Drivers/STM32F4xx_HAL_Driver/Src/stm32f4xx_hal_cortex.o
LOAD Drivers/STM32F4xx_HAL_Driver/Src/stm32f4xx_hal_dma.o
LOAD Drivers/STM32F4xx_HAL_Driver/Src/stm32f4xx_hal_dma_ex.o
LOAD Drivers/STM32F4xx_HAL_Driver/Src/stm32f4xx_hal_exti.o
LOAD Drivers/STM32F4xx_HAL_Driver/Src/stm32f4xx_hal_flash.o
LOAD Drivers/STM32F4xx_HAL_Driver/Src/stm32f4xx_hal_flash_ex.o
LOAD Drivers/STM32F4xx_HAL_Driver/Src/stm32f4xx_hal_flash_ramfunc.o
LOAD Drivers/STM32F4xx_HAL_Driver/Src/stm32f4xx_hal_gpio.o
LOAD Drivers/STM32F4xx_HAL_Driver/Src/stm32f4xx_hal_pwr.o
LOAD Drivers/STM32F4xx_HAL_Driver/Src/stm32f4xx_hal_pwr_ex.o
LOAD Drivers/STM32F4xx_HAL_Driver/Src/stm32f4xx_hal_rcc.o
LOAD Drivers/STM32F4xx_HAL_Driver/Src/stm32f4xx_hal_rcc_ex.o
LOAD Drivers/STM32F4xx_HAL_Driver/Src/stm32f4xx_hal_tim.o
LOAD Drivers/STM32F4xx_HAL_Driver/Src/stm32f4xx_hal_tim_ex.o
LOAD Drivers/STM32F4xx_HAL_Driver/Src/stm32f4xx_hal_uart.o
START GROUP
LOAD c:/st/stm32cubeide_1.1.0/stm32cubeide/plugins/com.st.stm32cube.ide.mcu.externaltools.gnu-tools-for-stm32.7-2018-q2-update.win32_1.0.0.201904181610/tools/bin/../lib/gcc/arm-none-eabi/7.3.1/../../../../arm-none-eabi/lib/thumb/v7e-m/fpv4-sp/hard\libc_nano.a
LOAD c:/st/stm32cubeide_1.1.0/stm32cubeide/plugins/com.st.stm32cube.ide.mcu.externaltools.gnu-tools-for-stm32.7-2018-q2-update.win32_1.0.0.201904181610/tools/bin/../lib/gcc/arm-none-eabi/7.3.1/../../../../arm-none-eabi/lib/thumb/v7e-m/fpv4-sp/hard\libm.a
END GROUP
START GROUP
LOAD c:/st/stm32cubeide_1.1.0/stm32cubeide/plugins/com.st.stm32cube.ide.mcu.externaltools.gnu-tools-for-stm32.7-2018-q2-update.win32_1.0.0.201904181610/tools/bin/../lib/gcc/arm-none-eabi/7.3.1/thumb/v7e-m/fpv4-sp/hard\libgcc.a
LOAD c:/st/stm32cubeide_1.1.0/stm32cubeide/plugins/com.st.stm32cube.ide.mcu.externaltools.gnu-tools-for-stm32.7-2018-q2-update.win32_1.0.0.201904181610/tools/bin/../lib/gcc/arm-none-eabi/7.3.1/../../../../arm-none-eabi/lib/thumb/v7e-m/fpv4-sp/hard\libc_nano.a
END GROUP
START GROUP
LOAD c:/st/stm32cubeide_1.1.0/stm32cubeide/plugins/com.st.stm32cube.ide.mcu.externaltools.gnu-tools-for-stm32.7-2018-q2-update.win32_1.0.0.201904181610/tools/bin/../lib/gcc/arm-none-eabi/7.3.1/thumb/v7e-m/fpv4-sp/hard\libgcc.a
LOAD c:/st/stm32cubeide_1.1.0/stm32cubeide/plugins/com.st.stm32cube.ide.mcu.externaltools.gnu-tools-for-stm32.7-2018-q2-update.win32_1.0.0.201904181610/tools/bin/../lib/gcc/arm-none-eabi/7.3.1/../../../../arm-none-eabi/lib/thumb/v7e-m/fpv4-sp/hard\libc_nano.a
LOAD c:/st/stm32cubeide_1.1.0/stm32cubeide/plugins/com.st.stm32cube.ide.mcu.externaltools.gnu-tools-for-stm32.7-2018-q2-update.win32_1.0.0.201904181610/tools/bin/../lib/gcc/arm-none-eabi/7.3.1/../../../../arm-none-eabi/lib/thumb/v7e-m/fpv4-sp/hard\libnosys.a
END GROUP
START GROUP
LOAD c:/st/stm32cubeide_1.1.0/stm32cubeide/plugins/com.st.stm32cube.ide.mcu.externaltools.gnu-tools-for-stm32.7-2018-q2-update.win32_1.0.0.201904181610/tools/bin/../lib/gcc/arm-none-eabi/7.3.1/thumb/v7e-m/fpv4-sp/hard\libgcc.a
LOAD c:/st/stm32cubeide_1.1.0/stm32cubeide/plugins/com.st.stm32cube.ide.mcu.externaltools.gnu-tools-for-stm32.7-2018-q2-update.win32_1.0.0.201904181610/tools/bin/../lib/gcc/arm-none-eabi/7.3.1/../../../../arm-none-eabi/lib/thumb/v7e-m/fpv4-sp/hard\libc_nano.a
LOAD c:/st/stm32cubeide_1.1.0/stm32cubeide/plugins/com.st.stm32cube.ide.mcu.externaltools.gnu-tools-for-stm32.7-2018-q2-update.win32_1.0.0.201904181610/tools/bin/../lib/gcc/arm-none-eabi/7.3.1/../../../../arm-none-eabi/lib/thumb/v7e-m/fpv4-sp/hard\libnosys.a
END GROUP
LOAD c:/st/stm32cubeide_1.1.0/stm32cubeide/plugins/com.st.stm32cube.ide.mcu.externaltools.gnu-tools-for-stm32.7-2018-q2-update.win32_1.0.0.201904181610/tools/bin/../lib/gcc/arm-none-eabi/7.3.1/thumb/v7e-m/fpv4-sp/hard/crtend.o
LOAD c:/st/stm32cubeide_1.1.0/stm32cubeide/plugins/com.st.stm32cube.ide.mcu.externaltools.gnu-tools-for-stm32.7-2018-q2-update.win32_1.0.0.201904181610/tools/bin/../lib/gcc/arm-none-eabi/7.3.1/thumb/v7e-m/fpv4-sp/hard/crtn.o
                0x0000000020020000                _estack = (ORIGIN (RAM) + LENGTH (RAM))
                0x0000000000000200                _Min_Heap_Size = 0x200
                0x0000000000000400                _Min_Stack_Size = 0x400

.isr_vector     0x0000000008000000      0x198
                0x0000000008000000                . = ALIGN (0x4)
 *(.isr_vector)
 .isr_vector    0x0000000008000000      0x198 Core/Startup/startup_stm32f411vetx.o
                0x0000000008000000                g_pfnVectors
                0x0000000008000198                . = ALIGN (0x4)

.text           0x0000000008000198     0x4da4
                0x0000000008000198                . = ALIGN (0x4)
 *(.text)
 .text          0x0000000008000198       0x40 c:/st/stm32cubeide_1.1.0/stm32cubeide/plugins/com.st.stm32cube.ide.mcu.externaltools.gnu-tools-for-stm32.7-2018-q2-update.win32_1.0.0.201904181610/tools/bin/../lib/gcc/arm-none-eabi/7.3.1/thumb/v7e-m/fpv4-sp/hard/crtbegin.o
 .text          0x00000000080001d8       0x30 c:/st/stm32cubeide_1.1.0/stm32cubeide/plugins/com.st.stm32cube.ide.mcu.externaltools.gnu-tools-for-stm32.7-2018-q2-update.win32_1.0.0.201904181610/tools/bin/../lib/gcc/arm-none-eabi/7.3.1/thumb/v7e-m/fpv4-sp/hard\libgcc.a(_aeabi_uldivmod.o)
                0x00000000080001d8                __aeabi_uldivmod
 .text          0x0000000008000208      0x2cc c:/st/stm32cubeide_1.1.0/stm32cubeide/plugins/com.st.stm32cube.ide.mcu.externaltools.gnu-tools-for-stm32.7-2018-q2-update.win32_1.0.0.201904181610/tools/bin/../lib/gcc/arm-none-eabi/7.3.1/thumb/v7e-m/fpv4-sp/hard\libgcc.a(_udivmoddi4.o)
                0x0000000008000208                __udivmoddi4
 .text          0x00000000080004d4        0x4 c:/st/stm32cubeide_1.1.0/stm32cubeide/plugins/com.st.stm32cube.ide.mcu.externaltools.gnu-tools-for-stm32.7-2018-q2-update.win32_1.0.0.201904181610/tools/bin/../lib/gcc/arm-none-eabi/7.3.1/thumb/v7e-m/fpv4-sp/hard\libgcc.a(_dvmd_tls.o)
                0x00000000080004d4                __aeabi_idiv0
                0x00000000080004d4                __aeabi_ldiv0
 *(.text*)
 .text.Control_Motor
                0x00000000080004d8       0x8c Core/Src/main.o
                0x00000000080004d8                Control_Motor
 .text.Get_Velocity
                0x0000000008000564       0xac Core/Src/main.o
                0x0000000008000564                Get_Velocity
 .text.Transmit_Uart
                0x0000000008000610      0x28c Core/Src/main.o
                0x0000000008000610                Transmit_Uart
 .text.Receive_Uart
                0x000000000800089c       0x7c Core/Src/main.o
                0x000000000800089c                Receive_Uart
 .text.main     0x0000000008000918       0xa0 Core/Src/main.o
                0x0000000008000918                main
 .text.SystemClock_Config
                0x00000000080009b8       0xd4 Core/Src/main.o
                0x00000000080009b8                SystemClock_Config
 .text.MX_TIM1_Init
                0x0000000008000a8c      0x158 Core/Src/main.o
 .text.MX_TIM2_Init
                0x0000000008000be4       0xa8 Core/Src/main.o
 .text.MX_TIM4_Init
                0x0000000008000c8c       0xa8 Core/Src/main.o
 .text.MX_TIM5_Init
                0x0000000008000d34       0x9c Core/Src/main.o
 .text.MX_TIM9_Init
                0x0000000008000dd0       0x74 Core/Src/main.o
 .text.MX_USART2_UART_Init
                0x0000000008000e44       0x54 Core/Src/main.o
 .text.MX_DMA_Init
                0x0000000008000e98       0x40 Core/Src/main.o
 .text.MX_GPIO_Init
                0x0000000008000ed8      0x14c Core/Src/main.o
 .text.HAL_TIM_PeriodElapsedCallback
                0x0000000008001024      0x130 Core/Src/main.o
                0x0000000008001024                HAL_TIM_PeriodElapsedCallback
 .text.Error_Handler
                0x0000000008001154        0xe Core/Src/main.o
                0x0000000008001154                Error_Handler
 *fill*         0x0000000008001162        0x2 
 .text.PID_Init
                0x0000000008001164       0x80 Core/Src/pid_controller.o
                0x0000000008001164                PID_Init
 .text.PID_Calculate
                0x00000000080011e4      0x1cc Core/Src/pid_controller.o
                0x00000000080011e4                PID_Calculate
 .text.HAL_MspInit
                0x00000000080013b0       0x50 Core/Src/stm32f4xx_hal_msp.o
                0x00000000080013b0                HAL_MspInit
 .text.HAL_TIM_Base_MspInit
                0x0000000008001400       0xc8 Core/Src/stm32f4xx_hal_msp.o
                0x0000000008001400                HAL_TIM_Base_MspInit
 .text.HAL_TIM_Encoder_MspInit
                0x00000000080014c8      0x134 Core/Src/stm32f4xx_hal_msp.o
                0x00000000080014c8                HAL_TIM_Encoder_MspInit
 .text.HAL_TIM_MspPostInit
                0x00000000080015fc       0x74 Core/Src/stm32f4xx_hal_msp.o
                0x00000000080015fc                HAL_TIM_MspPostInit
 .text.HAL_UART_MspInit
                0x0000000008001670      0x104 Core/Src/stm32f4xx_hal_msp.o
                0x0000000008001670                HAL_UART_MspInit
 .text.NMI_Handler
                0x0000000008001774        0xe Core/Src/stm32f4xx_it.o
                0x0000000008001774                NMI_Handler
 .text.HardFault_Handler
                0x0000000008001782        0x6 Core/Src/stm32f4xx_it.o
                0x0000000008001782                HardFault_Handler
 .text.MemManage_Handler
                0x0000000008001788        0x6 Core/Src/stm32f4xx_it.o
                0x0000000008001788                MemManage_Handler
 .text.BusFault_Handler
                0x000000000800178e        0x6 Core/Src/stm32f4xx_it.o
                0x000000000800178e                BusFault_Handler
 .text.UsageFault_Handler
                0x0000000008001794        0x6 Core/Src/stm32f4xx_it.o
                0x0000000008001794                UsageFault_Handler
 .text.SVC_Handler
                0x000000000800179a        0xe Core/Src/stm32f4xx_it.o
                0x000000000800179a                SVC_Handler
 .text.DebugMon_Handler
                0x00000000080017a8        0xe Core/Src/stm32f4xx_it.o
                0x00000000080017a8                DebugMon_Handler
 .text.PendSV_Handler
                0x00000000080017b6        0xe Core/Src/stm32f4xx_it.o
                0x00000000080017b6                PendSV_Handler
 .text.SysTick_Handler
                0x00000000080017c4        0xc Core/Src/stm32f4xx_it.o
                0x00000000080017c4                SysTick_Handler
 .text.DMA1_Stream5_IRQHandler
                0x00000000080017d0       0x14 Core/Src/stm32f4xx_it.o
                0x00000000080017d0                DMA1_Stream5_IRQHandler
 .text.TIM1_BRK_TIM9_IRQHandler
                0x00000000080017e4       0x1c Core/Src/stm32f4xx_it.o
                0x00000000080017e4                TIM1_BRK_TIM9_IRQHandler
 .text.USART2_IRQHandler
                0x0000000008001800       0x14 Core/Src/stm32f4xx_it.o
                0x0000000008001800                USART2_IRQHandler
 .text.TIM5_IRQHandler
                0x0000000008001814       0x14 Core/Src/stm32f4xx_it.o
                0x0000000008001814                TIM5_IRQHandler
 .text.SystemInit
                0x0000000008001828       0x2c Core/Src/system_stm32f4xx.o
                0x0000000008001828                SystemInit
 .text.Reset_Handler
                0x0000000008001854       0x50 Core/Startup/startup_stm32f411vetx.o
                0x0000000008001854                Reset_Handler
 .text.Default_Handler
                0x00000000080018a4        0x2 Core/Startup/startup_stm32f411vetx.o
                0x00000000080018a4                RTC_Alarm_IRQHandler
                0x00000000080018a4                EXTI2_IRQHandler
                0x00000000080018a4                SPI4_IRQHandler
                0x00000000080018a4                TIM1_CC_IRQHandler
                0x00000000080018a4                DMA2_Stream5_IRQHandler
                0x00000000080018a4                PVD_IRQHandler
                0x00000000080018a4                SDIO_IRQHandler
                0x00000000080018a4                TAMP_STAMP_IRQHandler
                0x00000000080018a4                EXTI3_IRQHandler
                0x00000000080018a4                TIM1_UP_TIM10_IRQHandler
                0x00000000080018a4                I2C3_ER_IRQHandler
                0x00000000080018a4                EXTI0_IRQHandler
                0x00000000080018a4                I2C2_EV_IRQHandler
                0x00000000080018a4                DMA1_Stream2_IRQHandler
                0x00000000080018a4                FPU_IRQHandler
                0x00000000080018a4                DMA2_Stream2_IRQHandler
                0x00000000080018a4                SPI1_IRQHandler
                0x00000000080018a4                DMA2_Stream3_IRQHandler
                0x00000000080018a4                USART6_IRQHandler
                0x00000000080018a4                DMA2_Stream0_IRQHandler
                0x00000000080018a4                TIM4_IRQHandler
                0x00000000080018a4                I2C1_EV_IRQHandler
                0x00000000080018a4                DMA1_Stream6_IRQHandler
                0x00000000080018a4                DMA1_Stream1_IRQHandler
                0x00000000080018a4                TIM3_IRQHandler
                0x00000000080018a4                RCC_IRQHandler
                0x00000000080018a4                Default_Handler
                0x00000000080018a4                EXTI15_10_IRQHandler
                0x00000000080018a4                ADC_IRQHandler
                0x00000000080018a4                DMA1_Stream7_IRQHandler
                0x00000000080018a4                SPI5_IRQHandler
                0x00000000080018a4                DMA2_Stream7_IRQHandler
                0x00000000080018a4                I2C3_EV_IRQHandler
                0x00000000080018a4                EXTI9_5_IRQHandler
                0x00000000080018a4                RTC_WKUP_IRQHandler
                0x00000000080018a4                SPI2_IRQHandler
                0x00000000080018a4                DMA1_Stream0_IRQHandler
                0x00000000080018a4                EXTI4_IRQHandler
                0x00000000080018a4                WWDG_IRQHandler
                0x00000000080018a4                TIM2_IRQHandler
                0x00000000080018a4                OTG_FS_WKUP_IRQHandler
                0x00000000080018a4                TIM1_TRG_COM_TIM11_IRQHandler
                0x00000000080018a4                EXTI1_IRQHandler
                0x00000000080018a4                I2C2_ER_IRQHandler
                0x00000000080018a4                DMA2_Stream1_IRQHandler
                0x00000000080018a4                FLASH_IRQHandler
                0x00000000080018a4                DMA2_Stream4_IRQHandler
                0x00000000080018a4                USART1_IRQHandler
                0x00000000080018a4                OTG_FS_IRQHandler
                0x00000000080018a4                SPI3_IRQHandler
                0x00000000080018a4                DMA1_Stream4_IRQHandler
                0x00000000080018a4                I2C1_ER_IRQHandler
                0x00000000080018a4                DMA2_Stream6_IRQHandler
                0x00000000080018a4                DMA1_Stream3_IRQHandler
 *fill*         0x00000000080018a6        0x2 
 .text.HAL_Init
                0x00000000080018a8       0x44 Drivers/STM32F4xx_HAL_Driver/Src/stm32f4xx_hal.o
                0x00000000080018a8                HAL_Init
 .text.HAL_InitTick
                0x00000000080018ec       0x60 Drivers/STM32F4xx_HAL_Driver/Src/stm32f4xx_hal.o
                0x00000000080018ec                HAL_InitTick
 .text.HAL_IncTick
                0x000000000800194c       0x28 Drivers/STM32F4xx_HAL_Driver/Src/stm32f4xx_hal.o
                0x000000000800194c                HAL_IncTick
 .text.HAL_GetTick
                0x0000000008001974       0x18 Drivers/STM32F4xx_HAL_Driver/Src/stm32f4xx_hal.o
                0x0000000008001974                HAL_GetTick
 .text.__NVIC_SetPriorityGrouping
                0x000000000800198c       0x48 Drivers/STM32F4xx_HAL_Driver/Src/stm32f4xx_hal_cortex.o
 .text.__NVIC_GetPriorityGrouping
                0x00000000080019d4       0x1c Drivers/STM32F4xx_HAL_Driver/Src/stm32f4xx_hal_cortex.o
 .text.__NVIC_EnableIRQ
                0x00000000080019f0       0x3c Drivers/STM32F4xx_HAL_Driver/Src/stm32f4xx_hal_cortex.o
 .text.__NVIC_SetPriority
                0x0000000008001a2c       0x54 Drivers/STM32F4xx_HAL_Driver/Src/stm32f4xx_hal_cortex.o
 .text.NVIC_EncodePriority
                0x0000000008001a80       0x66 Drivers/STM32F4xx_HAL_Driver/Src/stm32f4xx_hal_cortex.o
 *fill*         0x0000000008001ae6        0x2 
 .text.SysTick_Config
                0x0000000008001ae8       0x44 Drivers/STM32F4xx_HAL_Driver/Src/stm32f4xx_hal_cortex.o
 .text.HAL_NVIC_SetPriorityGrouping
                0x0000000008001b2c       0x16 Drivers/STM32F4xx_HAL_Driver/Src/stm32f4xx_hal_cortex.o
                0x0000000008001b2c                HAL_NVIC_SetPriorityGrouping
 .text.HAL_NVIC_SetPriority
                0x0000000008001b42       0x38 Drivers/STM32F4xx_HAL_Driver/Src/stm32f4xx_hal_cortex.o
                0x0000000008001b42                HAL_NVIC_SetPriority
 .text.HAL_NVIC_EnableIRQ
                0x0000000008001b7a       0x1c Drivers/STM32F4xx_HAL_Driver/Src/stm32f4xx_hal_cortex.o
                0x0000000008001b7a                HAL_NVIC_EnableIRQ
 .text.HAL_SYSTICK_Config
                0x0000000008001b96       0x18 Drivers/STM32F4xx_HAL_Driver/Src/stm32f4xx_hal_cortex.o
                0x0000000008001b96                HAL_SYSTICK_Config
 *fill*         0x0000000008001bae        0x2 
 .text.HAL_DMA_Init
                0x0000000008001bb0      0x15c Drivers/STM32F4xx_HAL_Driver/Src/stm32f4xx_hal_dma.o
                0x0000000008001bb0                HAL_DMA_Init
 .text.HAL_DMA_Start_IT
                0x0000000008001d0c       0xb0 Drivers/STM32F4xx_HAL_Driver/Src/stm32f4xx_hal_dma.o
                0x0000000008001d0c                HAL_DMA_Start_IT
 .text.HAL_DMA_Abort_IT
                0x0000000008001dbc       0x44 Drivers/STM32F4xx_HAL_Driver/Src/stm32f4xx_hal_dma.o
                0x0000000008001dbc                HAL_DMA_Abort_IT
 .text.HAL_DMA_IRQHandler
                0x0000000008001e00      0x314 Drivers/STM32F4xx_HAL_Driver/Src/stm32f4xx_hal_dma.o
                0x0000000008001e00                HAL_DMA_IRQHandler
 .text.DMA_SetConfig
                0x0000000008002114       0x5c Drivers/STM32F4xx_HAL_Driver/Src/stm32f4xx_hal_dma.o
 .text.DMA_CalcBaseAndBitshift
                0x0000000008002170       0x6c Drivers/STM32F4xx_HAL_Driver/Src/stm32f4xx_hal_dma.o
 .text.DMA_CheckFifoParam
                0x00000000080021dc       0xf4 Drivers/STM32F4xx_HAL_Driver/Src/stm32f4xx_hal_dma.o
 .text.HAL_GPIO_Init
                0x00000000080022d0      0x304 Drivers/STM32F4xx_HAL_Driver/Src/stm32f4xx_hal_gpio.o
                0x00000000080022d0                HAL_GPIO_Init
 .text.HAL_GPIO_WritePin
                0x00000000080025d4       0x32 Drivers/STM32F4xx_HAL_Driver/Src/stm32f4xx_hal_gpio.o
                0x00000000080025d4                HAL_GPIO_WritePin
 .text.HAL_GPIO_TogglePin
                0x0000000008002606       0x36 Drivers/STM32F4xx_HAL_Driver/Src/stm32f4xx_hal_gpio.o
                0x0000000008002606                HAL_GPIO_TogglePin
 .text.HAL_RCC_OscConfig
                0x000000000800263c      0x4e0 Drivers/STM32F4xx_HAL_Driver/Src/stm32f4xx_hal_rcc.o
                0x000000000800263c                HAL_RCC_OscConfig
 .text.HAL_RCC_ClockConfig
                0x0000000008002b1c      0x1cc Drivers/STM32F4xx_HAL_Driver/Src/stm32f4xx_hal_rcc.o
                0x0000000008002b1c                HAL_RCC_ClockConfig
 .text.HAL_RCC_GetSysClockFreq
                0x0000000008002ce8      0x1b0 Drivers/STM32F4xx_HAL_Driver/Src/stm32f4xx_hal_rcc.o
                0x0000000008002ce8                HAL_RCC_GetSysClockFreq
 .text.HAL_RCC_GetHCLKFreq
                0x0000000008002e98       0x18 Drivers/STM32F4xx_HAL_Driver/Src/stm32f4xx_hal_rcc.o
                0x0000000008002e98                HAL_RCC_GetHCLKFreq
 .text.HAL_RCC_GetPCLK1Freq
                0x0000000008002eb0       0x28 Drivers/STM32F4xx_HAL_Driver/Src/stm32f4xx_hal_rcc.o
                0x0000000008002eb0                HAL_RCC_GetPCLK1Freq
 .text.HAL_RCC_GetPCLK2Freq
                0x0000000008002ed8       0x28 Drivers/STM32F4xx_HAL_Driver/Src/stm32f4xx_hal_rcc.o
                0x0000000008002ed8                HAL_RCC_GetPCLK2Freq
 .text.HAL_TIM_Base_Init
                0x0000000008002f00       0x56 Drivers/STM32F4xx_HAL_Driver/Src/stm32f4xx_hal_tim.o
                0x0000000008002f00                HAL_TIM_Base_Init
 .text.HAL_TIM_Base_Start_IT
                0x0000000008002f56       0x48 Drivers/STM32F4xx_HAL_Driver/Src/stm32f4xx_hal_tim.o
                0x0000000008002f56                HAL_TIM_Base_Start_IT
 .text.HAL_TIM_PWM_Init
                0x0000000008002f9e       0x56 Drivers/STM32F4xx_HAL_Driver/Src/stm32f4xx_hal_tim.o
                0x0000000008002f9e                HAL_TIM_PWM_Init
 .text.HAL_TIM_PWM_MspInit
                0x0000000008002ff4       0x14 Drivers/STM32F4xx_HAL_Driver/Src/stm32f4xx_hal_tim.o
                0x0000000008002ff4                HAL_TIM_PWM_MspInit
 .text.HAL_TIM_PWM_Start
                0x0000000008003008       0x64 Drivers/STM32F4xx_HAL_Driver/Src/stm32f4xx_hal_tim.o
                0x0000000008003008                HAL_TIM_PWM_Start
 .text.HAL_TIM_Encoder_Init
                0x000000000800306c      0x124 Drivers/STM32F4xx_HAL_Driver/Src/stm32f4xx_hal_tim.o
                0x000000000800306c                HAL_TIM_Encoder_Init
 .text.HAL_TIM_Encoder_Start
                0x0000000008003190       0x6e Drivers/STM32F4xx_HAL_Driver/Src/stm32f4xx_hal_tim.o
                0x0000000008003190                HAL_TIM_Encoder_Start
 .text.HAL_TIM_IRQHandler
                0x00000000080031fe      0x210 Drivers/STM32F4xx_HAL_Driver/Src/stm32f4xx_hal_tim.o
                0x00000000080031fe                HAL_TIM_IRQHandler
 *fill*         0x000000000800340e        0x2 
 .text.HAL_TIM_PWM_ConfigChannel
                0x0000000008003410      0x18c Drivers/STM32F4xx_HAL_Driver/Src/stm32f4xx_hal_tim.o
                0x0000000008003410                HAL_TIM_PWM_ConfigChannel
 .text.HAL_TIM_ConfigClockSource
                0x000000000800359c      0x16e Drivers/STM32F4xx_HAL_Driver/Src/stm32f4xx_hal_tim.o
                0x000000000800359c                HAL_TIM_ConfigClockSource
 .text.HAL_TIM_OC_DelayElapsedCallback
                0x000000000800370a       0x14 Drivers/STM32F4xx_HAL_Driver/Src/stm32f4xx_hal_tim.o
                0x000000000800370a                HAL_TIM_OC_DelayElapsedCallback
 .text.HAL_TIM_IC_CaptureCallback
                0x000000000800371e       0x14 Drivers/STM32F4xx_HAL_Driver/Src/stm32f4xx_hal_tim.o
                0x000000000800371e                HAL_TIM_IC_CaptureCallback
 .text.HAL_TIM_PWM_PulseFinishedCallback
                0x0000000008003732       0x14 Drivers/STM32F4xx_HAL_Driver/Src/stm32f4xx_hal_tim.o
                0x0000000008003732                HAL_TIM_PWM_PulseFinishedCallback
 .text.HAL_TIM_TriggerCallback
                0x0000000008003746       0x14 Drivers/STM32F4xx_HAL_Driver/Src/stm32f4xx_hal_tim.o
                0x0000000008003746                HAL_TIM_TriggerCallback
 *fill*         0x000000000800375a        0x2 
 .text.TIM_Base_SetConfig
                0x000000000800375c      0x100 Drivers/STM32F4xx_HAL_Driver/Src/stm32f4xx_hal_tim.o
                0x000000000800375c                TIM_Base_SetConfig
 .text.TIM_OC1_SetConfig
                0x000000000800385c       0xcc Drivers/STM32F4xx_HAL_Driver/Src/stm32f4xx_hal_tim.o
 .text.TIM_OC2_SetConfig
                0x0000000008003928       0xd8 Drivers/STM32F4xx_HAL_Driver/Src/stm32f4xx_hal_tim.o
                0x0000000008003928                TIM_OC2_SetConfig
 .text.TIM_OC3_SetConfig
                0x0000000008003a00       0xd4 Drivers/STM32F4xx_HAL_Driver/Src/stm32f4xx_hal_tim.o
 .text.TIM_OC4_SetConfig
                0x0000000008003ad4       0xa0 Drivers/STM32F4xx_HAL_Driver/Src/stm32f4xx_hal_tim.o
 .text.TIM_TI1_ConfigInputStage
                0x0000000008003b74       0x5e Drivers/STM32F4xx_HAL_Driver/Src/stm32f4xx_hal_tim.o
 .text.TIM_TI2_ConfigInputStage
                0x0000000008003bd2       0x60 Drivers/STM32F4xx_HAL_Driver/Src/stm32f4xx_hal_tim.o
 .text.TIM_ITRx_SetConfig
                0x0000000008003c32       0x36 Drivers/STM32F4xx_HAL_Driver/Src/stm32f4xx_hal_tim.o
 .text.TIM_ETR_SetConfig
                0x0000000008003c68       0x40 Drivers/STM32F4xx_HAL_Driver/Src/stm32f4xx_hal_tim.o
                0x0000000008003c68                TIM_ETR_SetConfig
 .text.TIM_CCxChannelCmd
                0x0000000008003ca8       0x4a Drivers/STM32F4xx_HAL_Driver/Src/stm32f4xx_hal_tim.o
                0x0000000008003ca8                TIM_CCxChannelCmd
 *fill*         0x0000000008003cf2        0x2 
 .text.HAL_TIMEx_MasterConfigSynchronization
                0x0000000008003cf4       0xdc Drivers/STM32F4xx_HAL_Driver/Src/stm32f4xx_hal_tim_ex.o
                0x0000000008003cf4                HAL_TIMEx_MasterConfigSynchronization
 .text.HAL_TIMEx_ConfigBreakDeadTime
                0x0000000008003dd0       0xa4 Drivers/STM32F4xx_HAL_Driver/Src/stm32f4xx_hal_tim_ex.o
                0x0000000008003dd0                HAL_TIMEx_ConfigBreakDeadTime
 .text.HAL_TIMEx_CommutCallback
                0x0000000008003e74       0x14 Drivers/STM32F4xx_HAL_Driver/Src/stm32f4xx_hal_tim_ex.o
                0x0000000008003e74                HAL_TIMEx_CommutCallback
 .text.HAL_TIMEx_BreakCallback
                0x0000000008003e88       0x14 Drivers/STM32F4xx_HAL_Driver/Src/stm32f4xx_hal_tim_ex.o
                0x0000000008003e88                HAL_TIMEx_BreakCallback
 .text.HAL_UART_Init
                0x0000000008003e9c       0x9a Drivers/STM32F4xx_HAL_Driver/Src/stm32f4xx_hal_uart.o
                0x0000000008003e9c                HAL_UART_Init
 .text.HAL_UART_Transmit
                0x0000000008003f36      0x132 Drivers/STM32F4xx_HAL_Driver/Src/stm32f4xx_hal_uart.o
                0x0000000008003f36                HAL_UART_Transmit
 .text.HAL_UART_Receive_DMA
                0x0000000008004068      0x100 Drivers/STM32F4xx_HAL_Driver/Src/stm32f4xx_hal_uart.o
                0x0000000008004068                HAL_UART_Receive_DMA
 .text.HAL_UART_IRQHandler
                0x0000000008004168      0x200 Drivers/STM32F4xx_HAL_Driver/Src/stm32f4xx_hal_uart.o
                0x0000000008004168                HAL_UART_IRQHandler
 .text.HAL_UART_TxCpltCallback
                0x0000000008004368       0x14 Drivers/STM32F4xx_HAL_Driver/Src/stm32f4xx_hal_uart.o
                0x0000000008004368                HAL_UART_TxCpltCallback
 .text.HAL_UART_RxCpltCallback
                0x000000000800437c       0x14 Drivers/STM32F4xx_HAL_Driver/Src/stm32f4xx_hal_uart.o
                0x000000000800437c                HAL_UART_RxCpltCallback
 .text.HAL_UART_RxHalfCpltCallback
                0x0000000008004390       0x14 Drivers/STM32F4xx_HAL_Driver/Src/stm32f4xx_hal_uart.o
                0x0000000008004390                HAL_UART_RxHalfCpltCallback
 .text.HAL_UART_ErrorCallback
                0x00000000080043a4       0x14 Drivers/STM32F4xx_HAL_Driver/Src/stm32f4xx_hal_uart.o
                0x00000000080043a4                HAL_UART_ErrorCallback
 .text.UART_DMAReceiveCplt
                0x00000000080043b8       0x68 Drivers/STM32F4xx_HAL_Driver/Src/stm32f4xx_hal_uart.o
 .text.UART_DMARxHalfCplt
                0x0000000008004420       0x1c Drivers/STM32F4xx_HAL_Driver/Src/stm32f4xx_hal_uart.o
 .text.UART_DMAError
                0x000000000800443c       0x94 Drivers/STM32F4xx_HAL_Driver/Src/stm32f4xx_hal_uart.o
 .text.UART_WaitOnFlagUntilTimeout
                0x00000000080044d0       0x94 Drivers/STM32F4xx_HAL_Driver/Src/stm32f4xx_hal_uart.o
 .text.UART_EndTxTransfer
                0x0000000008004564       0x2c Drivers/STM32F4xx_HAL_Driver/Src/stm32f4xx_hal_uart.o
 .text.UART_EndRxTransfer
                0x0000000008004590       0x3c Drivers/STM32F4xx_HAL_Driver/Src/stm32f4xx_hal_uart.o
 .text.UART_DMAAbortOnError
                0x00000000080045cc       0x28 Drivers/STM32F4xx_HAL_Driver/Src/stm32f4xx_hal_uart.o
 .text.UART_Transmit_IT
                0x00000000080045f4       0xac Drivers/STM32F4xx_HAL_Driver/Src/stm32f4xx_hal_uart.o
 .text.UART_EndTransmit_IT
                0x00000000080046a0       0x30 Drivers/STM32F4xx_HAL_Driver/Src/stm32f4xx_hal_uart.o
 .text.UART_Receive_IT
                0x00000000080046d0      0x102 Drivers/STM32F4xx_HAL_Driver/Src/stm32f4xx_hal_uart.o
 *fill*         0x00000000080047d2        0x2 
 .text.UART_SetConfig
                0x00000000080047d4      0x6f8 Drivers/STM32F4xx_HAL_Driver/Src/stm32f4xx_hal_uart.o
 .text.__libc_init_array
                0x0000000008004ecc       0x48 c:/st/stm32cubeide_1.1.0/stm32cubeide/plugins/com.st.stm32cube.ide.mcu.externaltools.gnu-tools-for-stm32.7-2018-q2-update.win32_1.0.0.201904181610/tools/bin/../lib/gcc/arm-none-eabi/7.3.1/../../../../arm-none-eabi/lib/thumb/v7e-m/fpv4-sp/hard\libc_nano.a(lib_a-init.o)
                0x0000000008004ecc                __libc_init_array
 .text.memset   0x0000000008004f14       0x10 c:/st/stm32cubeide_1.1.0/stm32cubeide/plugins/com.st.stm32cube.ide.mcu.externaltools.gnu-tools-for-stm32.7-2018-q2-update.win32_1.0.0.201904181610/tools/bin/../lib/gcc/arm-none-eabi/7.3.1/../../../../arm-none-eabi/lib/thumb/v7e-m/fpv4-sp/hard\libc_nano.a(lib_a-memset.o)
                0x0000000008004f14                memset
 *(.glue_7)
 .glue_7        0x0000000008004f24        0x0 linker stubs
 *(.glue_7t)
 .glue_7t       0x0000000008004f24        0x0 linker stubs
 *(.eh_frame)
 .eh_frame      0x0000000008004f24        0x0 c:/st/stm32cubeide_1.1.0/stm32cubeide/plugins/com.st.stm32cube.ide.mcu.externaltools.gnu-tools-for-stm32.7-2018-q2-update.win32_1.0.0.201904181610/tools/bin/../lib/gcc/arm-none-eabi/7.3.1/thumb/v7e-m/fpv4-sp/hard/crtbegin.o
 *(.init)
 .init          0x0000000008004f24        0x4 c:/st/stm32cubeide_1.1.0/stm32cubeide/plugins/com.st.stm32cube.ide.mcu.externaltools.gnu-tools-for-stm32.7-2018-q2-update.win32_1.0.0.201904181610/tools/bin/../lib/gcc/arm-none-eabi/7.3.1/thumb/v7e-m/fpv4-sp/hard/crti.o
                0x0000000008004f24                _init
 .init          0x0000000008004f28        0x8 c:/st/stm32cubeide_1.1.0/stm32cubeide/plugins/com.st.stm32cube.ide.mcu.externaltools.gnu-tools-for-stm32.7-2018-q2-update.win32_1.0.0.201904181610/tools/bin/../lib/gcc/arm-none-eabi/7.3.1/thumb/v7e-m/fpv4-sp/hard/crtn.o
 *(.fini)
 .fini          0x0000000008004f30        0x4 c:/st/stm32cubeide_1.1.0/stm32cubeide/plugins/com.st.stm32cube.ide.mcu.externaltools.gnu-tools-for-stm32.7-2018-q2-update.win32_1.0.0.201904181610/tools/bin/../lib/gcc/arm-none-eabi/7.3.1/thumb/v7e-m/fpv4-sp/hard/crti.o
                0x0000000008004f30                _fini
 .fini          0x0000000008004f34        0x8 c:/st/stm32cubeide_1.1.0/stm32cubeide/plugins/com.st.stm32cube.ide.mcu.externaltools.gnu-tools-for-stm32.7-2018-q2-update.win32_1.0.0.201904181610/tools/bin/../lib/gcc/arm-none-eabi/7.3.1/thumb/v7e-m/fpv4-sp/hard/crtn.o
                0x0000000008004f3c                . = ALIGN (0x4)
                0x0000000008004f3c                _etext = .

.vfp11_veneer   0x0000000008004f3c        0x0
 .vfp11_veneer  0x0000000008004f3c        0x0 linker stubs

.v4_bx          0x0000000008004f3c        0x0
 .v4_bx         0x0000000008004f3c        0x0 linker stubs

.iplt           0x0000000008004f3c        0x0
 .iplt          0x0000000008004f3c        0x0 c:/st/stm32cubeide_1.1.0/stm32cubeide/plugins/com.st.stm32cube.ide.mcu.externaltools.gnu-tools-for-stm32.7-2018-q2-update.win32_1.0.0.201904181610/tools/bin/../lib/gcc/arm-none-eabi/7.3.1/thumb/v7e-m/fpv4-sp/hard/crtbegin.o

.rodata         0x0000000008004f3c       0x20
                0x0000000008004f3c                . = ALIGN (0x4)
 *(.rodata)
 *(.rodata*)
 .rodata.AHBPrescTable
                0x0000000008004f3c       0x10 Core/Src/system_stm32f4xx.o
                0x0000000008004f3c                AHBPrescTable
 .rodata.APBPrescTable
                0x0000000008004f4c        0x8 Core/Src/system_stm32f4xx.o
                0x0000000008004f4c                APBPrescTable
 .rodata.flagBitshiftOffset.7959
                0x0000000008004f54        0x8 Drivers/STM32F4xx_HAL_Driver/Src/stm32f4xx_hal_dma.o
                0x0000000008004f5c                . = ALIGN (0x4)

.ARM.extab      0x0000000008004f5c        0x0
                0x0000000008004f5c                . = ALIGN (0x4)
 *(.ARM.extab* .gnu.linkonce.armextab.*)
                0x0000000008004f5c                . = ALIGN (0x4)

.ARM            0x0000000008004f5c        0x8
                0x0000000008004f5c                . = ALIGN (0x4)
                0x0000000008004f5c                __exidx_start = .
 *(.ARM.exidx*)
 .ARM.exidx     0x0000000008004f5c        0x8 c:/st/stm32cubeide_1.1.0/stm32cubeide/plugins/com.st.stm32cube.ide.mcu.externaltools.gnu-tools-for-stm32.7-2018-q2-update.win32_1.0.0.201904181610/tools/bin/../lib/gcc/arm-none-eabi/7.3.1/thumb/v7e-m/fpv4-sp/hard\libgcc.a(_udivmoddi4.o)
                0x0000000008004f64                __exidx_end = .
                0x0000000008004f64                . = ALIGN (0x4)

.rel.dyn        0x0000000008004f64        0x0
 .rel.iplt      0x0000000008004f64        0x0 c:/st/stm32cubeide_1.1.0/stm32cubeide/plugins/com.st.stm32cube.ide.mcu.externaltools.gnu-tools-for-stm32.7-2018-q2-update.win32_1.0.0.201904181610/tools/bin/../lib/gcc/arm-none-eabi/7.3.1/thumb/v7e-m/fpv4-sp/hard/crtbegin.o

.preinit_array  0x0000000008004f64        0x0
                0x0000000008004f64                . = ALIGN (0x4)
                0x0000000008004f64                PROVIDE (__preinit_array_start = .)
 *(.preinit_array*)
                0x0000000008004f64                PROVIDE (__preinit_array_end = .)
                0x0000000008004f64                . = ALIGN (0x4)

.init_array     0x0000000008004f64        0x4
                0x0000000008004f64                . = ALIGN (0x4)
                0x0000000008004f64                PROVIDE (__init_array_start = .)
 *(SORT_BY_NAME(.init_array.*))
 *(.init_array*)
 .init_array    0x0000000008004f64        0x4 c:/st/stm32cubeide_1.1.0/stm32cubeide/plugins/com.st.stm32cube.ide.mcu.externaltools.gnu-tools-for-stm32.7-2018-q2-update.win32_1.0.0.201904181610/tools/bin/../lib/gcc/arm-none-eabi/7.3.1/thumb/v7e-m/fpv4-sp/hard/crtbegin.o
                0x0000000008004f68                PROVIDE (__init_array_end = .)
                0x0000000008004f68                . = ALIGN (0x4)

.fini_array     0x0000000008004f68        0x4
                0x0000000008004f68                . = ALIGN (0x4)
                [!provide]                        PROVIDE (__fini_array_start = .)
 *(SORT_BY_NAME(.fini_array.*))
 *(.fini_array*)
 .fini_array    0x0000000008004f68        0x4 c:/st/stm32cubeide_1.1.0/stm32cubeide/plugins/com.st.stm32cube.ide.mcu.externaltools.gnu-tools-for-stm32.7-2018-q2-update.win32_1.0.0.201904181610/tools/bin/../lib/gcc/arm-none-eabi/7.3.1/thumb/v7e-m/fpv4-sp/hard/crtbegin.o
                [!provide]                        PROVIDE (__fini_array_end = .)
                0x0000000008004f6c                . = ALIGN (0x4)
                0x0000000008004f6c                _sidata = LOADADDR (.data)

.data           0x0000000020000000       0x28 load address 0x0000000008004f6c
                0x0000000020000000                . = ALIGN (0x4)
                0x0000000020000000                _sdata = .
 *(.data)
 *(.data*)
 .data.Kp       0x0000000020000000        0x8 Core/Src/main.o
                0x0000000020000000                Kp
 .data.Ki       0x0000000020000008        0x8 Core/Src/main.o
                0x0000000020000008                Ki
 .data.Kd       0x0000000020000010        0x8 Core/Src/main.o
                0x0000000020000010                Kd
 .data.Ts       0x0000000020000018        0x4 Core/Src/main.o
                0x0000000020000018                Ts
 .data.SystemCoreClock
                0x000000002000001c        0x4 Core/Src/system_stm32f4xx.o
                0x000000002000001c                SystemCoreClock
 .data.uwTickPrio
                0x0000000020000020        0x4 Drivers/STM32F4xx_HAL_Driver/Src/stm32f4xx_hal.o
                0x0000000020000020                uwTickPrio
 .data.uwTickFreq
                0x0000000020000024        0x1 Drivers/STM32F4xx_HAL_Driver/Src/stm32f4xx_hal.o
                0x0000000020000024                uwTickFreq
                0x0000000020000028                . = ALIGN (0x4)
 *fill*         0x0000000020000025        0x3 
                0x0000000020000028                _edata = .

.igot.plt       0x0000000020000028        0x0 load address 0x0000000008004f94
 .igot.plt      0x0000000020000028        0x0 c:/st/stm32cubeide_1.1.0/stm32cubeide/plugins/com.st.stm32cube.ide.mcu.externaltools.gnu-tools-for-stm32.7-2018-q2-update.win32_1.0.0.201904181610/tools/bin/../lib/gcc/arm-none-eabi/7.3.1/thumb/v7e-m/fpv4-sp/hard/crtbegin.o
                0x0000000020000028                . = ALIGN (0x4)

.bss            0x0000000020000028      0x2b4 load address 0x0000000008004f94
                0x0000000020000028                _sbss = .
                0x0000000020000028                __bss_start__ = _sbss
 *(.bss)
 .bss           0x0000000020000028       0x1c c:/st/stm32cubeide_1.1.0/stm32cubeide/plugins/com.st.stm32cube.ide.mcu.externaltools.gnu-tools-for-stm32.7-2018-q2-update.win32_1.0.0.201904181610/tools/bin/../lib/gcc/arm-none-eabi/7.3.1/thumb/v7e-m/fpv4-sp/hard/crtbegin.o
 *(.bss*)
 *(COMMON)
 COMMON         0x0000000020000044      0x230 Core/Src/main.o
                0x0000000020000044                hdma_usart2_rx
                0x00000000200000a4                htim4
                0x00000000200000e4                encoder
                0x00000000200000e8                receivebuffer
                0x00000000200000f0                enc
                0x0000000020000100                htim5
                0x0000000020000140                velo
                0x0000000020000144                transmitData
                0x0000000020000148                test
                0x000000002000015c                htim1
                0x000000002000019c                htim9
                0x00000000200001dc                htim2
                0x000000002000021c                huart2
                0x000000002000025c                dataTransmit
                0x000000002000026c                data_Receive
 COMMON         0x0000000020000274       0x64 Core/Src/pid_controller.o
                0x0000000020000274                PID_Ki
                0x000000002000027c                PID_T
                0x0000000020000280                PID_pre_err
                0x0000000020000288                PID_Test
                0x00000000200002b0                PID_Kd
                0x00000000200002b8                PID_out
                0x00000000200002c0                PID_Kp
                0x00000000200002c8                PID_out_max
                0x00000000200002cc                PID_ppre_err
                0x00000000200002d4                PID_out_min
 COMMON         0x00000000200002d8        0x4 Drivers/STM32F4xx_HAL_Driver/Src/stm32f4xx_hal.o
                0x00000000200002d8                uwTick
                0x00000000200002dc                . = ALIGN (0x4)
                0x00000000200002dc                _ebss = .
                0x00000000200002dc                __bss_end__ = _ebss

._user_heap_stack
                0x00000000200002dc      0x604 load address 0x0000000008004f94
                0x00000000200002e0                . = ALIGN (0x8)
 *fill*         0x00000000200002dc        0x4 
                0x00000000200002e0                PROVIDE (end = .)
                [!provide]                        PROVIDE (_end = .)
                0x00000000200004e0                . = (. + _Min_Heap_Size)
 *fill*         0x00000000200002e0      0x200 
                0x00000000200008e0                . = (. + _Min_Stack_Size)
 *fill*         0x00000000200004e0      0x400 
                0x00000000200008e0                . = ALIGN (0x8)

/DISCARD/
 libc.a(*)
 libm.a(*)
 libgcc.a(*)

.ARM.attributes
                0x0000000000000000       0x30
 *(.ARM.attributes)
 .ARM.attributes
                0x0000000000000000       0x22 c:/st/stm32cubeide_1.1.0/stm32cubeide/plugins/com.st.stm32cube.ide.mcu.externaltools.gnu-tools-for-stm32.7-2018-q2-update.win32_1.0.0.201904181610/tools/bin/../lib/gcc/arm-none-eabi/7.3.1/thumb/v7e-m/fpv4-sp/hard/crti.o
 .ARM.attributes
                0x0000000000000022       0x34 c:/st/stm32cubeide_1.1.0/stm32cubeide/plugins/com.st.stm32cube.ide.mcu.externaltools.gnu-tools-for-stm32.7-2018-q2-update.win32_1.0.0.201904181610/tools/bin/../lib/gcc/arm-none-eabi/7.3.1/thumb/v7e-m/fpv4-sp/hard/crtbegin.o
 .ARM.attributes
                0x0000000000000056       0x39 Core/Src/main.o
 .ARM.attributes
                0x000000000000008f       0x39 Core/Src/pid_controller.o
 .ARM.attributes
                0x00000000000000c8       0x39 Core/Src/stm32f4xx_hal_msp.o
 .ARM.attributes
                0x0000000000000101       0x39 Core/Src/stm32f4xx_it.o
 .ARM.attributes
                0x000000000000013a       0x39 Core/Src/system_stm32f4xx.o
 .ARM.attributes
                0x0000000000000173       0x21 Core/Startup/startup_stm32f411vetx.o
 .ARM.attributes
                0x0000000000000194       0x39 Drivers/STM32F4xx_HAL_Driver/Src/stm32f4xx_hal.o
 .ARM.attributes
                0x00000000000001cd       0x39 Drivers/STM32F4xx_HAL_Driver/Src/stm32f4xx_hal_cortex.o
 .ARM.attributes
                0x0000000000000206       0x39 Drivers/STM32F4xx_HAL_Driver/Src/stm32f4xx_hal_dma.o
 .ARM.attributes
                0x000000000000023f       0x39 Drivers/STM32F4xx_HAL_Driver/Src/stm32f4xx_hal_gpio.o
 .ARM.attributes
                0x0000000000000278       0x39 Drivers/STM32F4xx_HAL_Driver/Src/stm32f4xx_hal_rcc.o
 .ARM.attributes
                0x00000000000002b1       0x39 Drivers/STM32F4xx_HAL_Driver/Src/stm32f4xx_hal_tim.o
 .ARM.attributes
                0x00000000000002ea       0x39 Drivers/STM32F4xx_HAL_Driver/Src/stm32f4xx_hal_tim_ex.o
 .ARM.attributes
                0x0000000000000323       0x39 Drivers/STM32F4xx_HAL_Driver/Src/stm32f4xx_hal_uart.o
 .ARM.attributes
                0x000000000000035c       0x34 c:/st/stm32cubeide_1.1.0/stm32cubeide/plugins/com.st.stm32cube.ide.mcu.externaltools.gnu-tools-for-stm32.7-2018-q2-update.win32_1.0.0.201904181610/tools/bin/../lib/gcc/arm-none-eabi/7.3.1/../../../../arm-none-eabi/lib/thumb/v7e-m/fpv4-sp/hard\libc_nano.a(lib_a-init.o)
 .ARM.attributes
                0x0000000000000390       0x34 c:/st/stm32cubeide_1.1.0/stm32cubeide/plugins/com.st.stm32cube.ide.mcu.externaltools.gnu-tools-for-stm32.7-2018-q2-update.win32_1.0.0.201904181610/tools/bin/../lib/gcc/arm-none-eabi/7.3.1/../../../../arm-none-eabi/lib/thumb/v7e-m/fpv4-sp/hard\libc_nano.a(lib_a-memset.o)
 .ARM.attributes
                0x00000000000003c4       0x22 c:/st/stm32cubeide_1.1.0/stm32cubeide/plugins/com.st.stm32cube.ide.mcu.externaltools.gnu-tools-for-stm32.7-2018-q2-update.win32_1.0.0.201904181610/tools/bin/../lib/gcc/arm-none-eabi/7.3.1/thumb/v7e-m/fpv4-sp/hard\libgcc.a(_aeabi_uldivmod.o)
 .ARM.attributes
                0x00000000000003e6       0x34 c:/st/stm32cubeide_1.1.0/stm32cubeide/plugins/com.st.stm32cube.ide.mcu.externaltools.gnu-tools-for-stm32.7-2018-q2-update.win32_1.0.0.201904181610/tools/bin/../lib/gcc/arm-none-eabi/7.3.1/thumb/v7e-m/fpv4-sp/hard\libgcc.a(_udivmoddi4.o)
 .ARM.attributes
                0x000000000000041a       0x22 c:/st/stm32cubeide_1.1.0/stm32cubeide/plugins/com.st.stm32cube.ide.mcu.externaltools.gnu-tools-for-stm32.7-2018-q2-update.win32_1.0.0.201904181610/tools/bin/../lib/gcc/arm-none-eabi/7.3.1/thumb/v7e-m/fpv4-sp/hard\libgcc.a(_dvmd_tls.o)
 .ARM.attributes
                0x000000000000043c       0x22 c:/st/stm32cubeide_1.1.0/stm32cubeide/plugins/com.st.stm32cube.ide.mcu.externaltools.gnu-tools-for-stm32.7-2018-q2-update.win32_1.0.0.201904181610/tools/bin/../lib/gcc/arm-none-eabi/7.3.1/thumb/v7e-m/fpv4-sp/hard/crtn.o
OUTPUT(STM.elf elf32-littlearm)

.debug_info     0x0000000000000000     0xb908
 .debug_info    0x0000000000000000     0x1edc Core/Src/main.o
 .debug_info    0x0000000000001edc      0x2d3 Core/Src/pid_controller.o
 .debug_info    0x00000000000021af      0xf69 Core/Src/stm32f4xx_hal_msp.o
 .debug_info    0x0000000000003118      0x94e Core/Src/stm32f4xx_it.o
 .debug_info    0x0000000000003a66      0x57e Core/Src/system_stm32f4xx.o
 .debug_info    0x0000000000003fe4       0x22 Core/Startup/startup_stm32f411vetx.o
 .debug_info    0x0000000000004006      0x8d5 Drivers/STM32F4xx_HAL_Driver/Src/stm32f4xx_hal.o
 .debug_info    0x00000000000048db      0xd98 Drivers/STM32F4xx_HAL_Driver/Src/stm32f4xx_hal_cortex.o
 .debug_info    0x0000000000005673      0x960 Drivers/STM32F4xx_HAL_Driver/Src/stm32f4xx_hal_dma.o
 .debug_info    0x0000000000005fd3      0x7d7 Drivers/STM32F4xx_HAL_Driver/Src/stm32f4xx_hal_gpio.o
 .debug_info    0x00000000000067aa      0x92a Drivers/STM32F4xx_HAL_Driver/Src/stm32f4xx_hal_rcc.o
 .debug_info    0x00000000000070d4     0x24a1 Drivers/STM32F4xx_HAL_Driver/Src/stm32f4xx_hal_tim.o
 .debug_info    0x0000000000009575     0x114f Drivers/STM32F4xx_HAL_Driver/Src/stm32f4xx_hal_tim_ex.o
 .debug_info    0x000000000000a6c4     0x1244 Drivers/STM32F4xx_HAL_Driver/Src/stm32f4xx_hal_uart.o

.debug_abbrev   0x0000000000000000     0x1a3b
 .debug_abbrev  0x0000000000000000      0x30b Core/Src/main.o
 .debug_abbrev  0x000000000000030b      0x104 Core/Src/pid_controller.o
 .debug_abbrev  0x000000000000040f      0x1de Core/Src/stm32f4xx_hal_msp.o
 .debug_abbrev  0x00000000000005ed      0x169 Core/Src/stm32f4xx_it.o
 .debug_abbrev  0x0000000000000756      0x12b Core/Src/system_stm32f4xx.o
 .debug_abbrev  0x0000000000000881       0x12 Core/Startup/startup_stm32f411vetx.o
 .debug_abbrev  0x0000000000000893      0x1f2 Drivers/STM32F4xx_HAL_Driver/Src/stm32f4xx_hal.o
 .debug_abbrev  0x0000000000000a85      0x2fa Drivers/STM32F4xx_HAL_Driver/Src/stm32f4xx_hal_cortex.o
 .debug_abbrev  0x0000000000000d7f      0x1f1 Drivers/STM32F4xx_HAL_Driver/Src/stm32f4xx_hal_dma.o
 .debug_abbrev  0x0000000000000f70      0x1c9 Drivers/STM32F4xx_HAL_Driver/Src/stm32f4xx_hal_gpio.o
 .debug_abbrev  0x0000000000001139      0x245 Drivers/STM32F4xx_HAL_Driver/Src/stm32f4xx_hal_rcc.o
 .debug_abbrev  0x000000000000137e      0x23f Drivers/STM32F4xx_HAL_Driver/Src/stm32f4xx_hal_tim.o
 .debug_abbrev  0x00000000000015bd      0x22d Drivers/STM32F4xx_HAL_Driver/Src/stm32f4xx_hal_tim_ex.o
 .debug_abbrev  0x00000000000017ea      0x251 Drivers/STM32F4xx_HAL_Driver/Src/stm32f4xx_hal_uart.o

.debug_aranges  0x0000000000000000      0xc28
 .debug_aranges
                0x0000000000000000       0x98 Core/Src/main.o
 .debug_aranges
                0x0000000000000098       0x28 Core/Src/pid_controller.o
 .debug_aranges
                0x00000000000000c0       0x58 Core/Src/stm32f4xx_hal_msp.o
 .debug_aranges
                0x0000000000000118       0x80 Core/Src/stm32f4xx_it.o
 .debug_aranges
                0x0000000000000198       0x28 Core/Src/system_stm32f4xx.o
 .debug_aranges
                0x00000000000001c0       0x28 Core/Startup/startup_stm32f411vetx.o
 .debug_aranges
                0x00000000000001e8       0xf0 Drivers/STM32F4xx_HAL_Driver/Src/stm32f4xx_hal.o
 .debug_aranges
                0x00000000000002d8      0x118 Drivers/STM32F4xx_HAL_Driver/Src/stm32f4xx_hal_cortex.o
 .debug_aranges
                0x00000000000003f0       0x90 Drivers/STM32F4xx_HAL_Driver/Src/stm32f4xx_hal_dma.o
 .debug_aranges
                0x0000000000000480       0x58 Drivers/STM32F4xx_HAL_Driver/Src/stm32f4xx_hal_gpio.o
 .debug_aranges
                0x00000000000004d8       0x88 Drivers/STM32F4xx_HAL_Driver/Src/stm32f4xx_hal_rcc.o
 .debug_aranges
                0x0000000000000560      0x3a8 Drivers/STM32F4xx_HAL_Driver/Src/stm32f4xx_hal_tim.o
 .debug_aranges
                0x0000000000000908      0x150 Drivers/STM32F4xx_HAL_Driver/Src/stm32f4xx_hal_tim_ex.o
 .debug_aranges
                0x0000000000000a58      0x1d0 Drivers/STM32F4xx_HAL_Driver/Src/stm32f4xx_hal_uart.o

.debug_ranges   0x0000000000000000      0xb50
 .debug_ranges  0x0000000000000000       0x88 Core/Src/main.o
 .debug_ranges  0x0000000000000088       0x18 Core/Src/pid_controller.o
 .debug_ranges  0x00000000000000a0       0x48 Core/Src/stm32f4xx_hal_msp.o
 .debug_ranges  0x00000000000000e8       0x70 Core/Src/stm32f4xx_it.o
 .debug_ranges  0x0000000000000158       0x18 Core/Src/system_stm32f4xx.o
 .debug_ranges  0x0000000000000170       0x20 Core/Startup/startup_stm32f411vetx.o
 .debug_ranges  0x0000000000000190       0xe0 Drivers/STM32F4xx_HAL_Driver/Src/stm32f4xx_hal.o
 .debug_ranges  0x0000000000000270      0x108 Drivers/STM32F4xx_HAL_Driver/Src/stm32f4xx_hal_cortex.o
 .debug_ranges  0x0000000000000378       0x80 Drivers/STM32F4xx_HAL_Driver/Src/stm32f4xx_hal_dma.o
 .debug_ranges  0x00000000000003f8       0x48 Drivers/STM32F4xx_HAL_Driver/Src/stm32f4xx_hal_gpio.o
 .debug_ranges  0x0000000000000440       0x78 Drivers/STM32F4xx_HAL_Driver/Src/stm32f4xx_hal_rcc.o
 .debug_ranges  0x00000000000004b8      0x398 Drivers/STM32F4xx_HAL_Driver/Src/stm32f4xx_hal_tim.o
 .debug_ranges  0x0000000000000850      0x140 Drivers/STM32F4xx_HAL_Driver/Src/stm32f4xx_hal_tim_ex.o
 .debug_ranges  0x0000000000000990      0x1c0 Drivers/STM32F4xx_HAL_Driver/Src/stm32f4xx_hal_uart.o

.debug_macro    0x0000000000000000    0x15eb6
 .debug_macro   0x0000000000000000      0x285 Core/Src/main.o
 .debug_macro   0x0000000000000285      0xa5a Core/Src/main.o
 .debug_macro   0x0000000000000cdf      0x18a Core/Src/main.o
 .debug_macro   0x0000000000000e69       0x2e Core/Src/main.o
 .debug_macro   0x0000000000000e97       0x28 Core/Src/main.o
 .debug_macro   0x0000000000000ebf       0x22 Core/Src/main.o
 .debug_macro   0x0000000000000ee1       0x8e Core/Src/main.o
 .debug_macro   0x0000000000000f6f       0x51 Core/Src/main.o
 .debug_macro   0x0000000000000fc0       0xef Core/Src/main.o
 .debug_macro   0x00000000000010af       0x6a Core/Src/main.o
 .debug_macro   0x0000000000001119      0x1df Core/Src/main.o
 .debug_macro   0x00000000000012f8       0x1c Core/Src/main.o
 .debug_macro   0x0000000000001314       0x22 Core/Src/main.o
 .debug_macro   0x0000000000001336       0xdf Core/Src/main.o
 .debug_macro   0x0000000000001415     0x102d Core/Src/main.o
 .debug_macro   0x0000000000002442      0x11f Core/Src/main.o
 .debug_macro   0x0000000000002561     0xb937 Core/Src/main.o
 .debug_macro   0x000000000000de98       0x43 Core/Src/main.o
 .debug_macro   0x000000000000dedb     0x3659 Core/Src/main.o
 .debug_macro   0x0000000000011534      0x174 Core/Src/main.o
 .debug_macro   0x00000000000116a8       0x5a Core/Src/main.o
 .debug_macro   0x0000000000011702      0x447 Core/Src/main.o
 .debug_macro   0x0000000000011b49      0x9fe Core/Src/main.o
 .debug_macro   0x0000000000012547      0x15f Core/Src/main.o
 .debug_macro   0x00000000000126a6      0x117 Core/Src/main.o
 .debug_macro   0x00000000000127bd      0x11b Core/Src/main.o
 .debug_macro   0x00000000000128d8       0x27 Core/Src/main.o
 .debug_macro   0x00000000000128ff      0x287 Core/Src/main.o
 .debug_macro   0x0000000000012b86       0x5f Core/Src/main.o
 .debug_macro   0x0000000000012be5      0x236 Core/Src/main.o
 .debug_macro   0x0000000000012e1b      0x132 Core/Src/main.o
 .debug_macro   0x0000000000012f4d      0x264 Core/Src/main.o
 .debug_macro   0x00000000000131b1       0x2e Core/Src/main.o
 .debug_macro   0x00000000000131df      0x11a Core/Src/main.o
 .debug_macro   0x00000000000132f9       0x85 Core/Src/main.o
 .debug_macro   0x000000000001337e       0x89 Core/Src/main.o
 .debug_macro   0x0000000000013407      0x8a0 Core/Src/main.o
 .debug_macro   0x0000000000013ca7       0x47 Core/Src/main.o
 .debug_macro   0x0000000000013cee      0x287 Core/Src/main.o
 .debug_macro   0x0000000000013f75      0x126 Core/Src/main.o
 .debug_macro   0x000000000001409b       0x94 Core/Src/main.o
 .debug_macro   0x000000000001412f       0x46 Core/Src/main.o
 .debug_macro   0x0000000000014175       0x18 Core/Src/main.o
 .debug_macro   0x000000000001418d       0x3c Core/Src/main.o
 .debug_macro   0x00000000000141c9       0x34 Core/Src/main.o
 .debug_macro   0x00000000000141fd       0x52 Core/Src/main.o
 .debug_macro   0x000000000001424f       0x1f Core/Src/main.o
 .debug_macro   0x000000000001426e       0x43 Core/Src/main.o
 .debug_macro   0x00000000000142b1       0x20 Core/Src/main.o
 .debug_macro   0x00000000000142d1      0x1a3 Core/Src/main.o
 .debug_macro   0x0000000000014474      0x32a Core/Src/main.o
 .debug_macro   0x000000000001479e      0x1e1 Core/Src/main.o
 .debug_macro   0x000000000001497f       0x6d Core/Src/pid_controller.o
 .debug_macro   0x00000000000149ec      0x1dd Core/Src/stm32f4xx_hal_msp.o
 .debug_macro   0x0000000000014bc9      0x1e7 Core/Src/stm32f4xx_it.o
 .debug_macro   0x0000000000014db0      0x1d4 Core/Src/system_stm32f4xx.o
 .debug_macro   0x0000000000014f84      0x22e Drivers/STM32F4xx_HAL_Driver/Src/stm32f4xx_hal.o
 .debug_macro   0x00000000000151b2      0x1ce Drivers/STM32F4xx_HAL_Driver/Src/stm32f4xx_hal_cortex.o
 .debug_macro   0x0000000000015380      0x1d4 Drivers/STM32F4xx_HAL_Driver/Src/stm32f4xx_hal_dma.o
 .debug_macro   0x0000000000015554      0x204 Drivers/STM32F4xx_HAL_Driver/Src/stm32f4xx_hal_gpio.o
 .debug_macro   0x0000000000015758      0x1f2 Drivers/STM32F4xx_HAL_Driver/Src/stm32f4xx_hal_rcc.o
 .debug_macro   0x000000000001594a      0x1cf Drivers/STM32F4xx_HAL_Driver/Src/stm32f4xx_hal_tim.o
 .debug_macro   0x0000000000015b19      0x1ce Drivers/STM32F4xx_HAL_Driver/Src/stm32f4xx_hal_tim_ex.o
 .debug_macro   0x0000000000015ce7      0x1cf Drivers/STM32F4xx_HAL_Driver/Src/stm32f4xx_hal_uart.o

.debug_line     0x0000000000000000     0x8737
 .debug_line    0x0000000000000000      0xa5a Core/Src/main.o
 .debug_line    0x0000000000000a5a      0x428 Core/Src/pid_controller.o
 .debug_line    0x0000000000000e82      0x7b3 Core/Src/stm32f4xx_hal_msp.o
 .debug_line    0x0000000000001635      0x7ae Core/Src/stm32f4xx_it.o
 .debug_line    0x0000000000001de3      0x6dc Core/Src/system_stm32f4xx.o
 .debug_line    0x00000000000024bf       0x85 Core/Startup/startup_stm32f411vetx.o
 .debug_line    0x0000000000002544      0x8c6 Drivers/STM32F4xx_HAL_Driver/Src/stm32f4xx_hal.o
 .debug_line    0x0000000000002e0a      0x9ea Drivers/STM32F4xx_HAL_Driver/Src/stm32f4xx_hal_cortex.o
 .debug_line    0x00000000000037f4      0x994 Drivers/STM32F4xx_HAL_Driver/Src/stm32f4xx_hal_dma.o
 .debug_line    0x0000000000004188      0x869 Drivers/STM32F4xx_HAL_Driver/Src/stm32f4xx_hal_gpio.o
 .debug_line    0x00000000000049f1      0x91e Drivers/STM32F4xx_HAL_Driver/Src/stm32f4xx_hal_rcc.o
 .debug_line    0x000000000000530f     0x1783 Drivers/STM32F4xx_HAL_Driver/Src/stm32f4xx_hal_tim.o
 .debug_line    0x0000000000006a92      0xcd1 Drivers/STM32F4xx_HAL_Driver/Src/stm32f4xx_hal_tim_ex.o
 .debug_line    0x0000000000007763      0xfd4 Drivers/STM32F4xx_HAL_Driver/Src/stm32f4xx_hal_uart.o

.debug_str      0x0000000000000000    0x8c007
 .debug_str     0x0000000000000000    0x89738 Core/Src/main.o
                                      0x89b52 (size before relaxing)
 .debug_str     0x0000000000089738       0x43 Core/Src/pid_controller.o
                                       0x3cc3 (size before relaxing)
 .debug_str     0x000000000008977b       0xdf Core/Src/stm32f4xx_hal_msp.o
                                      0x85ed4 (size before relaxing)
 .debug_str     0x000000000008985a      0x110 Core/Src/stm32f4xx_it.o
                                      0x859e0 (size before relaxing)
 .debug_str     0x000000000008996a       0xc4 Core/Src/system_stm32f4xx.o
                                      0x8522a (size before relaxing)
 .debug_str     0x0000000000089a2e       0x36 Core/Startup/startup_stm32f411vetx.o
                                         0x6c (size before relaxing)
 .debug_str     0x0000000000089a64      0x58d Drivers/STM32F4xx_HAL_Driver/Src/stm32f4xx_hal.o
                                      0x85b9f (size before relaxing)
 .debug_str     0x0000000000089ff1      0x399 Drivers/STM32F4xx_HAL_Driver/Src/stm32f4xx_hal_cortex.o
                                      0x8597c (size before relaxing)
 .debug_str     0x000000000008a38a      0x31d Drivers/STM32F4xx_HAL_Driver/Src/stm32f4xx_hal_dma.o
                                      0x8562d (size before relaxing)
 .debug_str     0x000000000008a6a7      0x20c Drivers/STM32F4xx_HAL_Driver/Src/stm32f4xx_hal_gpio.o
                                      0x85469 (size before relaxing)
 .debug_str     0x000000000008a8b3      0x259 Drivers/STM32F4xx_HAL_Driver/Src/stm32f4xx_hal_rcc.o
                                      0x85617 (size before relaxing)
 .debug_str     0x000000000008ab0c      0xbd7 Drivers/STM32F4xx_HAL_Driver/Src/stm32f4xx_hal_tim.o
                                      0x86324 (size before relaxing)
 .debug_str     0x000000000008b6e3      0x40e Drivers/STM32F4xx_HAL_Driver/Src/stm32f4xx_hal_tim_ex.o
                                      0x85b24 (size before relaxing)
 .debug_str     0x000000000008baf1      0x516 Drivers/STM32F4xx_HAL_Driver/Src/stm32f4xx_hal_uart.o
                                      0x85a64 (size before relaxing)

.comment        0x0000000000000000       0x7b
 .comment       0x0000000000000000       0x7b Core/Src/main.o
                                         0x7c (size before relaxing)
 .comment       0x000000000000007b       0x7c Core/Src/pid_controller.o
 .comment       0x000000000000007b       0x7c Core/Src/stm32f4xx_hal_msp.o
 .comment       0x000000000000007b       0x7c Core/Src/stm32f4xx_it.o
 .comment       0x000000000000007b       0x7c Core/Src/system_stm32f4xx.o
 .comment       0x000000000000007b       0x7c Drivers/STM32F4xx_HAL_Driver/Src/stm32f4xx_hal.o
 .comment       0x000000000000007b       0x7c Drivers/STM32F4xx_HAL_Driver/Src/stm32f4xx_hal_cortex.o
 .comment       0x000000000000007b       0x7c Drivers/STM32F4xx_HAL_Driver/Src/stm32f4xx_hal_dma.o
 .comment       0x000000000000007b       0x7c Drivers/STM32F4xx_HAL_Driver/Src/stm32f4xx_hal_gpio.o
 .comment       0x000000000000007b       0x7c Drivers/STM32F4xx_HAL_Driver/Src/stm32f4xx_hal_rcc.o
 .comment       0x000000000000007b       0x7c Drivers/STM32F4xx_HAL_Driver/Src/stm32f4xx_hal_tim.o
 .comment       0x000000000000007b       0x7c Drivers/STM32F4xx_HAL_Driver/Src/stm32f4xx_hal_tim_ex.o
 .comment       0x000000000000007b       0x7c Drivers/STM32F4xx_HAL_Driver/Src/stm32f4xx_hal_uart.o

.debug_frame    0x0000000000000000     0x32d0
 .debug_frame   0x0000000000000000      0x238 Core/Src/main.o
 .debug_frame   0x0000000000000238       0x60 Core/Src/pid_controller.o
 .debug_frame   0x0000000000000298      0x134 Core/Src/stm32f4xx_hal_msp.o
 .debug_frame   0x00000000000003cc      0x17c Core/Src/stm32f4xx_it.o
 .debug_frame   0x0000000000000548       0x58 Core/Src/system_stm32f4xx.o
 .debug_frame   0x00000000000005a0      0x374 Drivers/STM32F4xx_HAL_Driver/Src/stm32f4xx_hal.o
 .debug_frame   0x0000000000000914      0x498 Drivers/STM32F4xx_HAL_Driver/Src/stm32f4xx_hal_cortex.o
 .debug_frame   0x0000000000000dac      0x250 Drivers/STM32F4xx_HAL_Driver/Src/stm32f4xx_hal_dma.o
 .debug_frame   0x0000000000000ffc      0x14c Drivers/STM32F4xx_HAL_Driver/Src/stm32f4xx_hal_gpio.o
 .debug_frame   0x0000000000001148      0x1f0 Drivers/STM32F4xx_HAL_Driver/Src/stm32f4xx_hal_rcc.o
 .debug_frame   0x0000000000001338     0x10e8 Drivers/STM32F4xx_HAL_Driver/Src/stm32f4xx_hal_tim.o
 .debug_frame   0x0000000000002420      0x5c0 Drivers/STM32F4xx_HAL_Driver/Src/stm32f4xx_hal_tim_ex.o
 .debug_frame   0x00000000000029e0      0x844 Drivers/STM32F4xx_HAL_Driver/Src/stm32f4xx_hal_uart.o
 .debug_frame   0x0000000000003224       0x2c c:/st/stm32cubeide_1.1.0/stm32cubeide/plugins/com.st.stm32cube.ide.mcu.externaltools.gnu-tools-for-stm32.7-2018-q2-update.win32_1.0.0.201904181610/tools/bin/../lib/gcc/arm-none-eabi/7.3.1/../../../../arm-none-eabi/lib/thumb/v7e-m/fpv4-sp/hard\libc_nano.a(lib_a-init.o)
 .debug_frame   0x0000000000003250       0x20 c:/st/stm32cubeide_1.1.0/stm32cubeide/plugins/com.st.stm32cube.ide.mcu.externaltools.gnu-tools-for-stm32.7-2018-q2-update.win32_1.0.0.201904181610/tools/bin/../lib/gcc/arm-none-eabi/7.3.1/../../../../arm-none-eabi/lib/thumb/v7e-m/fpv4-sp/hard\libc_nano.a(lib_a-memset.o)
 .debug_frame   0x0000000000003270       0x2c c:/st/stm32cubeide_1.1.0/stm32cubeide/plugins/com.st.stm32cube.ide.mcu.externaltools.gnu-tools-for-stm32.7-2018-q2-update.win32_1.0.0.201904181610/tools/bin/../lib/gcc/arm-none-eabi/7.3.1/thumb/v7e-m/fpv4-sp/hard\libgcc.a(_aeabi_uldivmod.o)
 .debug_frame   0x000000000000329c       0x34 c:/st/stm32cubeide_1.1.0/stm32cubeide/plugins/com.st.stm32cube.ide.mcu.externaltools.gnu-tools-for-stm32.7-2018-q2-update.win32_1.0.0.201904181610/tools/bin/../lib/gcc/arm-none-eabi/7.3.1/thumb/v7e-m/fpv4-sp/hard\libgcc.a(_udivmoddi4.o)
